
> tijarah.pk@0.1.0 build
> next build

node.exe : ÔÜá 
Warning: Next.js 
inferred your 
workspace root, but 
it may not be correct.
At C:\nvm4w\nodejs\npm
.ps1:16 char:5
+     & 
"$basedir/node$exe"  "
$basedir/node_modules/
npm/bin/npm-cli.js" 
...
+     ~~~~~~~~~~~~~~~~
~~~~~~~~~~~~~~~~~~~~~~
~~~~~~~~~~~~~~~~~~~~~~
~~~~~
    + CategoryInfo    
          : NotSpeci  
  fied: (ÔÜá Warnin   
 g: Ne...not be co    
rrect.:String) []    
, RemoteException
    + FullyQualifiedE 
   rrorId : NativeCo  
  mmandError
 
 We detected multiple 
lockfiles and 
selected the 
directory of D:\Deskto
p\Web_Development\Tija
rah.pk\package-lock.js
on as the root 
directory.
 To silence this 
warning, set 
`turbopack.root` in 
your Next.js config, 
or consider removing 
one of the lockfiles 
if it's not needed.
   See https://nextjs.
org/docs/app/api-refer
ence/config/next-confi
g-js/turbopack#root-di
rectory for more 
information.
 Detected additional 
lockfiles: 
   * D:\Desktop\Web_De
velopment\Tijarah.pk\t
ijarah.pk\package-lock
.json

Ôû▓ Next.js 16.1.4 (Turbopack)
- Environments: .env.local, .env
- Experiments (use with caution):
  Ô£ô optimizeCss
  ┬À optimizePackageImports

ÔÜá The "middleware" 
file convention is 
deprecated. Please 
use "proxy" instead. 
Learn more: https://ne
xtjs.org/docs/messages
/middleware-to-proxy
  Creating an optimized production build ...
Ô£ô Compiled successfully in 20.8s
  Running TypeScript ...
  Collecting page data using 7 workers ...
(node:25976) 
[MONGOOSE] Warning: 
Duplicate schema 
index on 
{"orderNumber":1} 
found. This is often 
due to declaring an 
index using both 
"index: true" and 
"schema.index()". 
Please remove the 
duplicate index 
definition.
(Use `node 
--trace-warnings ...` 
to show where the 
warning was created)
(node:18448) 
[MONGOOSE] Warning: 
Duplicate schema 
index on {"slug":1} 
found. This is often 
due to declaring an 
index using both 
"index: true" and 
"schema.index()". 
Please remove the 
duplicate index 
definition.
(Use `node 
--trace-warnings ...` 
to show where the 
warning was created)
(node:14396) 
[MONGOOSE] Warning: 
Duplicate schema 
index on {"slug":1} 
found. This is often 
due to declaring an 
index using both 
"index: true" and 
"schema.index()". 
Please remove the 
duplicate index 
definition.
(Use `node 
--trace-warnings ...` 
to show where the 
warning was created)
  Generating static pages using 7 workers (0/451) ...
SearchResults locale: ur pathname: /ur/search
SearchResults locale: en pathname: /en/search
SearchResults locale: tr pathname: /tr/search
SearchResults locale: zh pathname: /zh/search
SearchResults locale: ms pathname: /ms/search
SearchResults locale: id pathname: /id/search
  Generating static pages using 7 workers (112/451) 
(node:18448) 
[MONGOOSE] Warning: 
Duplicate schema 
index on 
{"orderNumber":1} 
found. This is often 
due to declaring an 
index using both 
"index: true" and 
"schema.index()". 
Please remove the 
duplicate index 
definition.
  Generating static pages using 7 workers (225/451) 
  Generating static pages using 7 workers (338/451) 
Ô£ô Generating static pages using 7 workers (451/451) in 41s
  Finalizing page optimization ...

Route (app)                                                 Revalidate  Expire
Ôöî Ôùï /
Ôö£ Ôùï /_not-found
Ôö£ ÔùÅ /[locale]                                                       1h      1y
Ôöé Ôö£ /en                                                             1h      1y
Ôöé Ôö£ /ur                                                             1h      1y
Ôöé Ôö£ /zh                                                             1h      1y
Ôöé Ôöö [+3 more paths]
Ôö£ ÔùÅ /[locale]/admin-auth/login                                      1h      1y
Ôöé Ôö£ /en/admin-auth/login                                            1h      1y
Ôöé Ôö£ /ur/admin-auth/login                                            1h      1y
Ôöé Ôö£ /zh/admin-auth/login                                            1h      1y
Ôöé Ôöö [+3 more paths]
Ôö£ ÔùÅ /[locale]/admin/categories                                      1h      1y
Ôöé Ôö£ /en/admin/categories                                            1h      1y
Ôöé Ôö£ /ur/admin/categories                                            1h      1y
Ôöé Ôö£ /zh/admin/categories                                            1h      1y
Ôöé Ôöö [+3 more paths]
Ôö£ ÔùÅ /[locale]/admin/dashboard                                       1h      1y
Ôöé Ôö£ /en/admin/dashboard                                             1h      1y
Ôöé Ôö£ /ur/admin/dashboard                                             1h      1y
Ôöé Ôö£ /zh/admin/dashboard                                             1h      1y
Ôöé Ôöö [+3 more paths]
Ôö£ ÔùÅ /[locale]/admin/login                                           1h      1y
Ôöé Ôö£ /en/admin/login                                                 1h      1y
Ôöé Ôö£ /ur/admin/login                                                 1h      1y
Ôöé Ôö£ /zh/admin/login                                                 1h      1y
Ôöé Ôöö [+3 more paths]
Ôö£ ÔùÅ /[locale]/admin/test                                            1h      1y
Ôöé Ôö£ /en/admin/test                                                  1h      1y
Ôöé Ôö£ /ur/admin/test                                                  1h      1y
Ôöé Ôö£ /zh/admin/test                                                  1h      1y
Ôöé Ôöö [+3 more paths]
Ôö£ ÔùÅ /[locale]/cart                                                  1h      1y
Ôöé Ôö£ /en/cart                                                        1h      1y
Ôöé Ôö£ /ur/cart                                                        1h      1y
Ôöé Ôö£ /zh/cart                                                        1h      1y
Ôöé Ôöö [+3 more paths]
Ôö£ ÔùÅ /[locale]/categories                                            1h      1y
Ôöé Ôö£ /en/categories                                                  1h      1y
Ôöé Ôö£ /ur/categories                                                  1h      1y
Ôöé Ôö£ /zh/categories                                                  1h      1y
Ôöé Ôöö [+3 more paths]
Ôö£ ãÆ /[locale]/categories/[category]
Ôö£ ãÆ /[locale]/categories/[category]/[subcategory]
Ôö£ ÔùÅ /[locale]/categories/beauty                                     1h      1y
Ôöé Ôö£ /en/categories/beauty                                           1h      1y
Ôöé Ôö£ /ur/categories/beauty                                           1h      1y
Ôöé Ôö£ /zh/categories/beauty                                           1h      1y
Ôöé Ôöö [+3 more paths]
Ôö£ ÔùÅ /[locale]/categories/beauty/makeup                              1h      1y
Ôöé Ôö£ /en/categories/beauty/makeup                                    1h      1y
Ôöé Ôö£ /ur/categories/beauty/makeup                                    1h      1y
Ôöé Ôö£ /zh/categories/beauty/makeup                                    1h      1y
Ôöé Ôöö [+3 more paths]
Ôö£ ÔùÅ /[locale]/categories/beauty/skincare                            1h      1y
Ôöé Ôö£ /en/categories/beauty/skincare                                  1h      1y
Ôöé Ôö£ /ur/categories/beauty/skincare                                  1h      1y
Ôöé Ôö£ /zh/categories/beauty/skincare                                  1h      1y
Ôöé Ôöö [+3 more paths]
Ôö£ ÔùÅ /[locale]/categories/books-media                                1h      1y
Ôöé Ôö£ /en/categories/books-media                                      1h      1y
Ôöé Ôö£ /ur/categories/books-media                                      1h      1y
Ôöé Ôö£ /zh/categories/books-media                                      1h      1y
Ôöé Ôöö [+3 more paths]
Ôö£ ÔùÅ /[locale]/categories/books-media/audiobooks                     1h      1y
Ôöé Ôö£ /en/categories/books-media/audiobooks                           1h      1y
Ôöé Ôö£ /ur/categories/books-media/audiobooks                           1h      1y
Ôöé Ôö£ /zh/categories/books-media/audiobooks                           1h      1y
Ôöé Ôöö [+3 more paths]
Ôö£ ÔùÅ /[locale]/categories/books-media/ebooks                         1h      1y
Ôöé Ôö£ /en/categories/books-media/ebooks                               1h      1y
Ôöé Ôö£ /ur/categories/books-media/ebooks                               1h      1y
Ôöé Ôö£ /zh/categories/books-media/ebooks                               1h      1y
Ôöé Ôöö [+3 more paths]
Ôö£ ÔùÅ /[locale]/categories/books-media/magazines                      1h      1y
Ôöé Ôö£ /en/categories/books-media/magazines                            1h      1y
Ôöé Ôö£ /ur/categories/books-media/magazines                            1h      1y
Ôöé Ôö£ /zh/categories/books-media/magazines                            1h      1y
Ôöé Ôöö [+3 more paths]
Ôö£ ÔùÅ /[locale]/categories/books-media/music                          1h      1y
Ôöé Ôö£ /en/categories/books-media/music                                1h      1y
Ôöé Ôö£ /ur/categories/books-media/music                                1h      1y
Ôöé Ôö£ /zh/categories/books-media/music                                1h      1y
Ôöé Ôöö [+3 more paths]
Ôö£ ÔùÅ /[locale]/categories/books-media/physical-books                 1h      1y
Ôöé Ôö£ /en/categories/books-media/physical-books                       1h      1y
Ôöé Ôö£ /ur/categories/books-media/physical-books                       1h      1y
Ôöé Ôö£ /zh/categories/books-media/physical-books                       1h      1y
Ôöé Ôöö [+3 more paths]
Ôö£ ÔùÅ /[locale]/categories/electronics                                1h      1y
Ôöé Ôö£ /en/categories/electronics                                      1h      1y
Ôöé Ôö£ /ur/categories/electronics                                      1h      1y
Ôöé Ôö£ /zh/categories/electronics                                      1h      1y
Ôöé Ôöö [+3 more paths]
Ôö£ ÔùÅ /[locale]/categories/electronics/cameras                        1h      1y
Ôöé Ôö£ /en/categories/electronics/cameras                              1h      1y
Ôöé Ôö£ /ur/categories/electronics/cameras                              1h      1y
Ôöé Ôö£ /zh/categories/electronics/cameras                              1h      1y
Ôöé Ôöö [+3 more paths]
Ôö£ ÔùÅ /[locale]/categories/electronics/headphones                     1h      1y
Ôöé Ôö£ /en/categories/electronics/headphones                           1h      1y
Ôöé Ôö£ /ur/categories/electronics/headphones                           1h      1y
Ôöé Ôö£ /zh/categories/electronics/headphones                           1h      1y
Ôöé Ôöö [+3 more paths]
Ôö£ ÔùÅ /[locale]/categories/electronics/laptops                        1h      1y
Ôöé Ôö£ /en/categories/electronics/laptops                              1h      1y
Ôöé Ôö£ /ur/categories/electronics/laptops                              1h      1y
Ôöé Ôö£ /zh/categories/electronics/laptops                              1h      1y
Ôöé Ôöö [+3 more paths]
Ôö£ ÔùÅ /[locale]/categories/electronics/smartphones                    1h      1y
Ôöé Ôö£ /en/categories/electronics/smartphones                          1h      1y
Ôöé Ôö£ /ur/categories/electronics/smartphones                          1h      1y
Ôöé Ôö£ /zh/categories/electronics/smartphones                          1h      1y
Ôöé Ôöö [+3 more paths]
Ôö£ ÔùÅ /[locale]/categories/electronics/smartwatches                   1h      1y
Ôöé Ôö£ /en/categories/electronics/smartwatches                         1h      1y
Ôöé Ôö£ /ur/categories/electronics/smartwatches                         1h      1y
Ôöé Ôö£ /zh/categories/electronics/smartwatches                         1h      1y
Ôöé Ôöö [+3 more paths]
Ôö£ ÔùÅ /[locale]/categories/electronics/tablets                        1h      1y
Ôöé Ôö£ /en/categories/electronics/tablets                              1h      1y
Ôöé Ôö£ /ur/categories/electronics/tablets                              1h      1y
Ôöé Ôö£ /zh/categories/electronics/tablets                              1h      1y
Ôöé Ôöö [+3 more paths]
Ôö£ ÔùÅ /[locale]/categories/fashion                                    1h      1y
Ôöé Ôö£ /en/categories/fashion                                          1h      1y
Ôöé Ôö£ /ur/categories/fashion                                          1h      1y
Ôöé Ôö£ /zh/categories/fashion                                          1h      1y
Ôöé Ôöö [+3 more paths]
Ôö£ ÔùÅ /[locale]/categories/fashion/bags                               1h      1y
Ôöé Ôö£ /en/categories/fashion/bags                                     1h      1y
Ôöé Ôö£ /ur/categories/fashion/bags                                     1h      1y
Ôöé Ôö£ /zh/categories/fashion/bags                                     1h      1y
Ôöé Ôöö [+3 more paths]
Ôö£ ÔùÅ /[locale]/categories/fashion/fragrances                         1h      1y
Ôöé Ôö£ /en/categories/fashion/fragrances                               1h      1y
Ôöé Ôö£ /ur/categories/fashion/fragrances                               1h      1y
Ôöé Ôö£ /zh/categories/fashion/fragrances                               1h      1y
Ôöé Ôöö [+3 more paths]
Ôö£ ÔùÅ /[locale]/categories/fashion/jewelry                            1h      1y
Ôöé Ôö£ /en/categories/fashion/jewelry                                  1h      1y
Ôöé Ôö£ /ur/categories/fashion/jewelry                                  1h      1y
Ôöé Ôö£ /zh/categories/fashion/jewelry                                  1h      1y
Ôöé Ôöö [+3 more paths]
Ôö£ ÔùÅ /[locale]/categories/fashion/mens-clothing                      1h      1y
Ôöé Ôö£ /en/categories/fashion/mens-clothing                            1h      1y
Ôöé Ôö£ /ur/categories/fashion/mens-clothing                            1h      1y
Ôöé Ôö£ /zh/categories/fashion/mens-clothing                            1h      1y
Ôöé Ôöö [+3 more paths]
Ôö£ ÔùÅ /[locale]/categories/fashion/watches                            1h      1y
Ôöé Ôö£ /en/categories/fashion/watches                                  1h      1y
Ôöé Ôö£ /ur/categories/fashion/watches                                  1h      1y
Ôöé Ôö£ /zh/categories/fashion/watches                                  1h      1y
Ôöé Ôöö [+3 more paths]
Ôö£ ÔùÅ /[locale]/categories/fashion/womens-clothing                    1h      1y
Ôöé Ôö£ /en/categories/fashion/womens-clothing                          1h      1y
Ôöé Ôö£ /ur/categories/fashion/womens-clothing                          1h      1y
Ôöé Ôö£ /zh/categories/fashion/womens-clothing                          1h      1y
Ôöé Ôöö [+3 more paths]
Ôö£ ÔùÅ /[locale]/categories/grocery                                    1h      1y
Ôöé Ôö£ /en/categories/grocery                                          1h      1y
Ôöé Ôö£ /ur/categories/grocery                                          1h      1y
Ôöé Ôö£ /zh/categories/grocery                                          1h      1y
Ôöé Ôöö [+3 more paths]
Ôö£ ÔùÅ /[locale]/categories/grocery/beverages                          1h      1y
Ôöé Ôö£ /en/categories/grocery/beverages                                1h      1y
Ôöé Ôö£ /ur/categories/grocery/beverages                                1h      1y
Ôöé Ôö£ /zh/categories/grocery/beverages                                1h      1y
Ôöé Ôöö [+3 more paths]
Ôö£ ÔùÅ /[locale]/categories/grocery/international-foods                1h      1y
Ôöé Ôö£ /en/categories/grocery/international-foods                      1h      1y
Ôöé Ôö£ /ur/categories/grocery/international-foods                      1h      1y
Ôöé Ôö£ /zh/categories/grocery/international-foods                      1h      1y
Ôöé Ôöö [+3 more paths]
Ôö£ ÔùÅ /[locale]/categories/grocery/organic                            1h      1y
Ôöé Ôö£ /en/categories/grocery/organic                                  1h      1y
Ôöé Ôö£ /ur/categories/grocery/organic                                  1h      1y
Ôöé Ôö£ /zh/categories/grocery/organic                                  1h      1y
Ôöé Ôöö [+3 more paths]
Ôö£ ÔùÅ /[locale]/categories/grocery/snacks                             1h      1y
Ôöé Ôö£ /en/categories/grocery/snacks                                   1h      1y
Ôöé Ôö£ /ur/categories/grocery/snacks                                   1h      1y
Ôöé Ôö£ /zh/categories/grocery/snacks                                   1h      1y
Ôöé Ôöö [+3 more paths]
Ôö£ ÔùÅ /[locale]/categories/home-kitchen                               1h      1y
Ôöé Ôö£ /en/categories/home-kitchen                                     1h      1y
Ôöé Ôö£ /ur/categories/home-kitchen                                     1h      1y
Ôöé Ôö£ /zh/categories/home-kitchen                                     1h      1y
Ôöé Ôöö [+3 more paths]
Ôö£ ÔùÅ /[locale]/categories/home-kitchen/bedding                       1h      1y
Ôöé Ôö£ /en/categories/home-kitchen/bedding                             1h      1y
Ôöé Ôö£ /ur/categories/home-kitchen/bedding                             1h      1y
Ôöé Ôö£ /zh/categories/home-kitchen/bedding                             1h      1y
Ôöé Ôöö [+3 more paths]
Ôö£ ÔùÅ /[locale]/categories/home-kitchen/furniture                     1h      1y
Ôöé Ôö£ /en/categories/home-kitchen/furniture                           1h      1y
Ôöé Ôö£ /ur/categories/home-kitchen/furniture                           1h      1y
Ôöé Ôö£ /zh/categories/home-kitchen/furniture                           1h      1y
Ôöé Ôöö [+3 more paths]
Ôö£ ÔùÅ /[locale]/categories/home-kitchen/home-decor                    1h      1y
Ôöé Ôö£ /en/categories/home-kitchen/home-decor                          1h      1y
Ôöé Ôö£ /ur/categories/home-kitchen/home-decor                          1h      1y
Ôöé Ôö£ /zh/categories/home-kitchen/home-decor                          1h      1y
Ôöé Ôöö [+3 more paths]
Ôö£ ÔùÅ /[locale]/categories/home-kitchen/kitchen-appliances            1h      1y
Ôöé Ôö£ /en/categories/home-kitchen/kitchen-appliances                  1h      1y
Ôöé Ôö£ /ur/categories/home-kitchen/kitchen-appliances                  1h      1y
Ôöé Ôö£ /zh/categories/home-kitchen/kitchen-appliances                  1h      1y
Ôöé Ôöö [+3 more paths]
Ôö£ ÔùÅ /[locale]/categories/home-kitchen/lighting                      1h      1y
Ôöé Ôö£ /en/categories/home-kitchen/lighting                            1h      1y
Ôöé Ôö£ /ur/categories/home-kitchen/lighting                            1h      1y
Ôöé Ôö£ /zh/categories/home-kitchen/lighting                            1h      1y
Ôöé Ôöö [+3 more paths]
Ôö£ ÔùÅ /[locale]/categories/men/clothing                               1h      1y
Ôöé Ôö£ /en/categories/men/clothing                                     1h      1y
Ôöé Ôö£ /ur/categories/men/clothing                                     1h      1y
Ôöé Ôö£ /zh/categories/men/clothing                                     1h      1y
Ôöé Ôöö [+3 more paths]
Ôö£ ÔùÅ /[locale]/categories/sports-outdoor                             1h      1y
Ôöé Ôö£ /en/categories/sports-outdoor                                   1h      1y
Ôöé Ôö£ /ur/categories/sports-outdoor                                   1h      1y
Ôöé Ôö£ /zh/categories/sports-outdoor                                   1h      1y
Ôöé Ôöö [+3 more paths]
Ôö£ ÔùÅ /[locale]/categories/sports-outdoor/camping                     1h      1y
Ôöé Ôö£ /en/categories/sports-outdoor/camping                           1h      1y
Ôöé Ôö£ /ur/categories/sports-outdoor/camping                           1h      1y
Ôöé Ôö£ /zh/categories/sports-outdoor/camping                           1h      1y
Ôöé Ôöö [+3 more paths]
Ôö£ ÔùÅ /[locale]/categories/sports-outdoor/cycling                     1h      1y
Ôöé Ôö£ /en/categories/sports-outdoor/cycling                           1h      1y
Ôöé Ôö£ /ur/categories/sports-outdoor/cycling                           1h      1y
Ôöé Ôö£ /zh/categories/sports-outdoor/cycling                           1h      1y
Ôöé Ôöö [+3 more paths]
Ôö£ ÔùÅ /[locale]/categories/sports-outdoor/exercise-fitness            1h      1y
Ôöé Ôö£ /en/categories/sports-outdoor/exercise-fitness                  1h      1y
Ôöé Ôö£ /ur/categories/sports-outdoor/exercise-fitness                  1h      1y
Ôöé Ôö£ /zh/categories/sports-outdoor/exercise-fitness                  1h      1y
Ôöé Ôöö [+3 more paths]
Ôö£ ÔùÅ /[locale]/categories/sports-outdoor/outdoor-recreation          1h      1y
Ôöé Ôö£ /en/categories/sports-outdoor/outdoor-recreation                1h      1y
Ôöé Ôö£ /ur/categories/sports-outdoor/outdoor-recreation                1h      1y
Ôöé Ôö£ /zh/categories/sports-outdoor/outdoor-recreation                1h      1y
Ôöé Ôöö [+3 more paths]
Ôö£ ÔùÅ /[locale]/categories/sports-outdoor/team-sports                 1h      1y
Ôöé Ôö£ /en/categories/sports-outdoor/team-sports                       1h      1y
Ôöé Ôö£ /ur/categories/sports-outdoor/team-sports                       1h      1y
Ôöé Ôö£ /zh/categories/sports-outdoor/team-sports                       1h      1y
Ôöé Ôöö [+3 more paths]
Ôö£ ÔùÅ /[locale]/categories/toys-games                                 1h      1y
Ôöé Ôö£ /en/categories/toys-games                                       1h      1y
Ôöé Ôö£ /ur/categories/toys-games                                       1h      1y
Ôöé Ôö£ /zh/categories/toys-games                                       1h      1y
Ôöé Ôöö [+3 more paths]
Ôö£ ÔùÅ /[locale]/categories/toys-games/board-games                     1h      1y
Ôöé Ôö£ /en/categories/toys-games/board-games                           1h      1y
Ôöé Ôö£ /ur/categories/toys-games/board-games                           1h      1y
Ôöé Ôö£ /zh/categories/toys-games/board-games                           1h      1y
Ôöé Ôöö [+3 more paths]
Ôö£ ÔùÅ /[locale]/categories/toys-games/building-toys                   1h      1y
Ôöé Ôö£ /en/categories/toys-games/building-toys                         1h      1y
Ôöé Ôö£ /ur/categories/toys-games/building-toys                         1h      1y
Ôöé Ôö£ /zh/categories/toys-games/building-toys                         1h      1y
Ôöé Ôöö [+3 more paths]
Ôö£ ÔùÅ /[locale]/categories/toys-games/puzzles                         1h      1y
Ôöé Ôö£ /en/categories/toys-games/puzzles                               1h      1y
Ôöé Ôö£ /ur/categories/toys-games/puzzles                               1h      1y
Ôöé Ôö£ /zh/categories/toys-games/puzzles                               1h      1y
Ôöé Ôöö [+3 more paths]
Ôö£ ÔùÅ /[locale]/checkout                                              1h      1y
Ôöé Ôö£ /en/checkout                                                    1h      1y
Ôöé Ôö£ /ur/checkout                                                    1h      1y
Ôöé Ôö£ /zh/checkout                                                    1h      1y
Ôöé Ôöö [+3 more paths]
Ôö£ ÔùÅ /[locale]/customer-service                                      1h      1y
Ôöé Ôö£ /en/customer-service                                            1h      1y
Ôöé Ôö£ /ur/customer-service                                            1h      1y
Ôöé Ôö£ /zh/customer-service                                            1h      1y
Ôöé Ôöö [+3 more paths]
Ôö£ ÔùÅ /[locale]/deals                                                 1h      1y
Ôöé Ôö£ /en/deals                                                       1h      1y
Ôöé Ôö£ /ur/deals                                                       1h      1y
Ôöé Ôö£ /zh/deals                                                       1h      1y
Ôöé Ôöö [+3 more paths]
Ôö£ ÔùÅ /[locale]/Good-deals                                            1h      1y
Ôöé Ôö£ /en/Good-deals                                                  1h      1y
Ôöé Ôö£ /ur/Good-deals                                                  1h      1y
Ôöé Ôö£ /zh/Good-deals                                                  1h      1y
Ôöé Ôöö [+3 more paths]
Ôö£ ÔùÅ /[locale]/login                                                 1h      1y
Ôöé Ôö£ /en/login                                                       1h      1y
Ôöé Ôö£ /ur/login                                                       1h      1y
Ôöé Ôö£ /zh/login                                                       1h      1y
Ôöé Ôöö [+3 more paths]
Ôö£ ÔùÅ /[locale]/new-arrivals                                          1h      1y
Ôöé Ôö£ /en/new-arrivals                                                1h      1y
Ôöé Ôö£ /ur/new-arrivals                                                1h      1y
Ôöé Ôö£ /zh/new-arrivals                                                1h      1y
Ôöé Ôöö [+3 more paths]
Ôö£ ÔùÅ /[locale]/orders                                                1h      1y
Ôöé Ôö£ /en/orders                                                      1h      1y
Ôöé Ôö£ /ur/orders                                                      1h      1y
Ôöé Ôö£ /zh/orders                                                      1h      1y
Ôöé Ôöö [+3 more paths]
Ôö£ ãÆ /[locale]/products/[id]
Ôö£ ÔùÅ /[locale]/profile                                               1h      1y
Ôöé Ôö£ /en/profile                                                     1h      1y
Ôöé Ôö£ /ur/profile                                                     1h      1y
Ôöé Ôö£ /zh/profile                                                     1h      1y
Ôöé Ôöö [+3 more paths]
Ôö£ ÔùÅ /[locale]/recommendations                                       1h      1y
Ôöé Ôö£ /en/recommendations                                             1h      1y
Ôöé Ôö£ /ur/recommendations                                             1h      1y
Ôöé Ôö£ /zh/recommendations                                             1h      1y
Ôöé Ôöö [+3 more paths]
Ôö£ ÔùÅ /[locale]/register                                              1h      1y
Ôöé Ôö£ /en/register                                                    1h      1y
Ôöé Ôö£ /ur/register                                                    1h      1y
Ôöé Ôö£ /zh/register                                                    1h      1y
Ôöé Ôöö [+3 more paths]
Ôö£ ÔùÅ /[locale]/returns                                               1h      1y
Ôöé Ôö£ /en/returns                                                     1h      1y
Ôöé Ôö£ /ur/returns                                                     1h      1y
Ôöé Ôö£ /zh/returns                                                     1h      1y
Ôöé Ôöö [+3 more paths]
Ôö£ ÔùÅ /[locale]/returns-orders                                        1h      1y
Ôöé Ôö£ /en/returns-orders                                              1h      1y
Ôöé Ôö£ /ur/returns-orders                                              1h      1y
Ôöé Ôö£ /zh/returns-orders                                              1h      1y
Ôöé Ôöö [+3 more paths]
Ôö£ ÔùÅ /[locale]/search                                                1h      1y
Ôöé Ôö£ /en/search                                                      1h      1y
Ôöé Ôö£ /ur/search                                                      1h      1y
Ôöé Ôö£ /zh/search                                                      1h      1y
Ôöé Ôöö [+3 more paths]
Ôö£ ÔùÅ /[locale]/sell                                                  1h      1y
Ôöé Ôö£ /en/sell                                                        1h      1y
Ôöé Ôö£ /ur/sell                                                        1h      1y
Ôöé Ôö£ /zh/sell                                                        1h      1y
Ôöé Ôöö [+3 more paths]
Ôö£ ÔùÅ /[locale]/special-offers                                        1h      1y
Ôöé Ôö£ /en/special-offers                                              1h      1y
Ôöé Ôö£ /ur/special-offers                                              1h      1y
Ôöé Ôö£ /zh/special-offers                                              1h      1y
Ôöé Ôöö [+3 more paths]
Ôö£ Ôùï /account/orders
Ôö£ ãÆ /account/orders/[id]
Ôö£ ãÆ /api/admin/categories
Ôö£ ãÆ /api/admin/chats
Ôö£ ãÆ /api/admin/create-admin
Ôö£ ãÆ /api/admin/orders
Ôö£ ãÆ /api/admin/orders/[id]
Ôö£ ãÆ /api/admin/orders/delete
Ôö£ ãÆ /api/admin/orders/test
Ôö£ ãÆ /api/admin/test-env
Ôö£ ãÆ /api/admin/users
Ôö£ ãÆ /api/auth/[...nextauth]
Ôö£ ãÆ /api/auth/check-auth
Ôö£ ãÆ /api/auth/check-session
Ôö£ ãÆ /api/auth/login
Ôö£ ãÆ /api/auth/register
Ôö£ ãÆ /api/auth/register-test
Ôö£ ãÆ /api/auth/test-session
Ôö£ ãÆ /api/auth/verify
Ôö£ ãÆ /api/chat
Ôö£ ãÆ /api/debug-auth
Ôö£ ãÆ /api/debug-env
Ôö£ ãÆ /api/debug/check-user
Ôö£ ãÆ /api/debug/files
Ôö£ ãÆ /api/debug/users
Ôö£ ãÆ /api/orders
Ôö£ ãÆ /api/orders/[id]
Ôö£ ãÆ /api/orders/broadcast
Ôö£ ãÆ /api/orders/updates
Ôö£ ãÆ /api/orders/user
Ôö£ ãÆ /api/products
Ôö£ ãÆ /api/products/[id]
Ôö£ ãÆ /api/products/category/[category]
Ôö£ ãÆ /api/recommendations
Ôö£ ãÆ /api/recommendations/track
Ôö£ ãÆ /api/returns
Ôö£ ãÆ /api/search/suggestions
Ôö£ ãÆ /api/test-auth
Ôö£ ãÆ /api/test-connection
Ôö£ ãÆ /api/test-db-connection
Ôö£ Ôùï /auth/admin/login
Ôö£ Ôùï /cart
Ôö£ ãÆ /products/[id]
Ôö£ Ôùï /test
Ôö£ Ôùï /test-auth
Ôöö Ôùï /test-route


ãÆ Proxy (Middleware)

Ôùï  (Static)   prerendered as static content
ÔùÅ  (SSG)      prerendered as static HTML (uses generateStaticParams)
ãÆ  (Dynamic)  server-rendered on demand

